// Jest Snapshot v1, https://goo.gl/fbAQLP

exports[`Render app component 1`] = `
<h1>
  Exemplo de Component
</h1>
`;
